Microsoft Windows [Versión 10.0.17134.48]
(c) 2018 Microsoft Corporation. Todos los derechos reservados.

C:\Automation-bf-webapp\bf-webapp\component-test\bf-webapp-automation>git brnach
git: 'brnach' is not a git command. See 'git --help'.

The most similar command is
        branch

C:\Automation-bf-webapp\bf-webapp\component-test\bf-webapp-automation>git branch
  integracion
* pr_SFUT-1623

C:\Automation-bf-webapp\bf-webapp\component-test\bf-webapp-automation>git checkout integration
error: pathspec 'integration' did not match any file(s) known to git

C:\Automation-bf-webapp\bf-webapp\component-test\bf-webapp-automation>git branch
* integracion
  pr_SFUT-1623

C:\Automation-bf-webapp\bf-webapp\component-test\bf-webapp-automation>git pull
error: Pulling is not possible because you have unmerged files.
hint: Fix them up in the work tree, and then use 'git add/rm <file>'
hint: as appropriate to mark resolution and make a commit.
fatal: Exiting because of an unresolved conflict.

C:\Automation-bf-webapp\bf-webapp\component-test\bf-webapp-automation>git status
On branch integracion
Your branch is up to date with 'origin/integracion'.

Changes to be committed:
  (use "git reset HEAD <file>..." to unstage)

        new file:   src/test/resources/features/app_TV/implementacion_basica_de_la_app_TV

Unmerged paths:
  (use "git reset HEAD <file>..." to unstage)
  (use "git add/rm <file>..." as appropriate to mark resolution)

        deleted by us:   src/test/resources/features/gestion_de_la_demanda/gestor_de_turnos.feature


C:\Automation-bf-webapp\bf-webapp\component-test\bf-webapp-automation>git reset HEAD

C:\Automation-bf-webapp\bf-webapp\component-test\bf-webapp-automation>git reset

C:\Automation-bf-webapp\bf-webapp\component-test\bf-webapp-automation>git reset HEAD src/test/resources/features/app_TV/implementacion_basica_de_la_app_TV

C:\Automation-bf-webapp\bf-webapp\component-test\bf-webapp-automation>git reset HEAD src/test/resources/features/gestion_de_la_demanda/gestor_de_turnos.feature

C:\Automation-bf-webapp\bf-webapp\component-test\bf-webapp-automation>GIT STATUS
fatal: cannot handle STATUS as a builtin

C:\Automation-bf-webapp\bf-webapp\component-test\bf-webapp-automation>git status
On branch integracion
Your branch is up to date with 'origin/integracion'.

Untracked files:
  (use "git add <file>..." to include in what will be committed)

        src/test/resources/features/app_TV/
        src/test/resources/features/gestion_de_la_demanda/gestor_de_turnos.feature

nothing added to commit but untracked files present (use "git add" to track)

C:\Automation-bf-webapp\bf-webapp\component-test\bf-webapp-automation>git pull
git@cmprod.naranja.com.ar's password:
Permission denied, please try again.
git@cmprod.naranja.com.ar's password:
Permission denied, please try again.
git@cmprod.naranja.com.ar's password:
Connection closed by 10.10.90.110 port 22
fatal: Could not read from remote repository.

Please make sure you have the correct access rights
and the repository exists.

C:\Automation-bf-webapp\bf-webapp\component-test\bf-webapp-automation>git config --global credential.helper cache

C:\Automation-bf-webapp\bf-webapp\component-test\bf-webapp-automation>


deberias actualizar el repo con:
git pull
despues:
git branch feature/{el numero de la task que creaste}
git checkout feature/{el numero de la task que creaste}
git branch

(te aseguras que estes en el branch)
git status
(ves cuales son los archivos modificados, probablemente hayas perdido el escenario y tengas que escribirlo de nuevo)
git add (el archivo donde agregaste el escenario)
git commit -m "(un mensaje en ingles de lo que hiciste bien breve)"
git push
German Larcher 15:58
de diez!!
Giuly Veizaga 15:59
(ahi te va a decir que no se puede porque el branch no esta subido y te tira un comando)
(deberias usar ese comando, tiene varias costias que nunca me acuerdo siempre hago ese camino jaj)
bueno avisame si te trabas
yo te conte todo porque no sabia bien que era lo que tenias duda ja
despues en git te sale arriba que subiste un branch si queres hacer una merge request

-------------------------------------------------------------------------------------------------------------------------

Microsoft Windows [Versión 10.0.17134.48]
(c) 2018 Microsoft Corporation. Todos los derechos reservados.

C:\Automation-bf-webapp\bf-webapp\component-test\bf-webapp-automation>git pull
git@cmprod.naranja.com.ar's password:
Permission denied, please try again.
git@cmprod.naranja.com.ar's password:
Connection closed by 10.10.90.110 port 22
fatal: Could not read from remote repository.

Please make sure you have the correct access rights
and the repository exists.

C:\Automation-bf-webapp\bf-webapp\component-test\bf-webapp-automation>git pull
remote: Enumerating objects: 404, done.
remote: Counting objects: 100% (404/404), done.
remote: Compressing objects: 100% (289/289), done.
remote: Total 404 (delta 203), reused 211 (delta 99)
Receiving objects: 100% (404/404), 114.12 KiB | 5.43 MiB/s, done.
Resolving deltas: 100% (203/203), done.
From cmprod.naranja.com.ar:branch-future/bf-webapp
   53529601..d01e26b7  integracion             -> origin/integracion
 * [new branch]        feature/SFUT-1007       -> origin/feature/SFUT-1007
 * [new branch]        feature/SFUT-2133__browser-alert -> origin/feature/SFUT-2133__browser-alert
 * [new branch]        feature/SFUT-2195       -> origin/feature/SFUT-2195
 * [new branch]        fix/SFUT-2255           -> origin/fix/SFUT-2255
 * [new branch]        fix/SFUT-2267           -> origin/fix/SFUT-2267
 * [new branch]        fix/dni_duplicado_409   -> origin/fix/dni_duplicado_409
 * [new branch]        release/1.5.0           -> origin/release/1.5.0
 * [new tag]           desa-1.5.0-201906221135 -> desa-1.5.0-201906221135
 * [new tag]           desa-1.5.0-201906231721 -> desa-1.5.0-201906231721
 * [new tag]           release-1.5.0           -> release-1.5.0
error: The following untracked working tree files would be overwritten by merge:
        component-test/bf-webapp-automation/src/test/resources/features/gestion_de_la_demanda/gestor_de_turnos.feature
Please move or remove them before you merge.
Aborting
Updating 53529601..d01e26b7

C:\Automation-bf-webapp\bf-webapp\component-test\bf-webapp-automation>git pull
error: The following untracked working tree files would be overwritten by merge:
        component-test/bf-webapp-automation/src/test/resources/features/gestion_de_la_demanda/gestor_de_turnos.feature
Please move or remove them before you merge.
Aborting
Updating 53529601..d01e26b7

C:\Automation-bf-webapp\bf-webapp\component-test\bf-webapp-automation>git status
On branch integracion
Your branch is behind 'origin/integracion' by 21 commits, and can be fast-forwarded.
  (use "git pull" to update your local branch)

Untracked files:
  (use "git add <file>..." to include in what will be committed)

        src/test/resources/features/app_TV/
        src/test/resources/features/gestion_de_la_demanda/gestor_de_turnos.feature

nothing added to commit but untracked files present (use "git add" to track)

C:\Automation-bf-webapp\bf-webapp\component-test\bf-webapp-automation>git fetch -dry -run
error: did you mean `--dry` (with two dashes ?)

C:\Automation-bf-webapp\bf-webapp\component-test\bf-webapp-automation>git fetch --dry -run
error: unknown switch `r'
usage: git fetch [<options>] [<repository> [<refspec>...]]
   or: git fetch [<options>] <group>
   or: git fetch --multiple [<options>] [(<repository> | <group>)...]
   or: git fetch --all [<options>]

    -v, --verbose         be more verbose
    -q, --quiet           be more quiet
    --all                 fetch from all remotes
    -a, --append          append to .git/FETCH_HEAD instead of overwriting
    --upload-pack <path>  path to upload pack on remote end
    -f, --force           force overwrite of local reference
    -m, --multiple        fetch from multiple remotes
    -t, --tags            fetch all tags and associated objects
    -n                    do not fetch all tags (--no-tags)
    -j, --jobs <n>        number of submodules fetched in parallel
    -p, --prune           prune remote-tracking branches no longer on remote
    -P, --prune-tags      prune local tags no longer on remote and clobber changed tags
    --recurse-submodules[=<on-demand>]
                          control recursive fetching of submodules
    --dry-run             dry run
    -k, --keep            keep downloaded pack
    -u, --update-head-ok  allow updating of HEAD ref
    --progress            force progress reporting
    --depth <depth>       deepen history of shallow clone
    --shallow-since <time>
                          deepen history of shallow repository based on time
    --shallow-exclude <revision>
                          deepen history of shallow clone, excluding rev
    --deepen <n>          deepen history of shallow clone
    --unshallow           convert to a complete repository
    --update-shallow      accept refs that update .git/shallow
    --refmap <refmap>     specify fetch refmap
    -o, --server-option <server-specific>
                          option to transmit
    -4, --ipv4            use IPv4 addresses only
    -6, --ipv6            use IPv6 addresses only
    --negotiation-tip <revision>
                          report that we have only objects reachable from this object
    --filter <args>       object filtering


C:\Automation-bf-webapp\bf-webapp\component-test\bf-webapp-automation>git branch
* integracion
  pr_SFUT-1623

C:\Automation-bf-webapp\bf-webapp\component-test\bf-webapp-automation>git branch features/SFUT-2268

C:\Automation-bf-webapp\bf-webapp\component-test\bf-webapp-automation>git checkout features/SFUT-2268
Switched to branch 'features/SFUT-2268'

C:\Automation-bf-webapp\bf-webapp\component-test\bf-webapp-automation>git branch
* features/SFUT-2268
  integracion
  pr_SFUT-1623
:...skipping...
* features/SFUT-2268
  integracion
  pr_SFUT-1623
~

C:\Automation-bf-webapp\bf-webapp\component-test\bf-webapp-automation>git status
On branch features/SFUT-2268
Untracked files:
  (use "git add <file>..." to include in what will be committed)

        src/test/resources/features/app_TV/
        src/test/resources/features/gestion_de_la_demanda/gestor_de_turnos.feature

nothing added to commit but untracked files present (use "git add" to track)

C:\Automation-bf-webapp\bf-webapp\component-test\bf-webapp-automation>git add src/test/resources/features/app_TV/

C:\Automation-bf-webapp\bf-webapp\component-test\bf-webapp-automation>git status
On branch features/SFUT-2268
Changes to be committed:
  (use "git reset HEAD <file>..." to unstage)

        new file:   src/test/resources/features/app_TV/implementacion_basica_de_la_app_TV

Untracked files:
  (use "git add <file>..." to include in what will be committed)

        src/test/resources/features/gestion_de_la_demanda/gestor_de_turnos.feature


C:\Automation-bf-webapp\bf-webapp\component-test\bf-webapp-automation>git addsrc/test/resources/features/gestion_de_la_demanda/gestor_de_turnos.feature
git: 'addsrc/test/resources/features/gestion_de_la_demanda/gestor_de_turnos.feature' is not a git command. See 'git --help'.

C:\Automation-bf-webapp\bf-webapp\component-test\bf-webapp-automation>git status
On branch features/SFUT-2268
Changes to be committed:
  (use "git reset HEAD <file>..." to unstage)

        new file:   src/test/resources/features/app_TV/implementacion_basica_de_la_app_TV

Untracked files:
  (use "git add <file>..." to include in what will be committed)

        src/test/resources/features/gestion_de_la_demanda/gestor_de_turnos.feature


C:\Automation-bf-webapp\bf-webapp\component-test\bf-webapp-automation>git add src/test/resources/features/gestion_de_la_demanda/gestor_de_turnos.feature

C:\Automation-bf-webapp\bf-webapp\component-test\bf-webapp-automation>git status
On branch features/SFUT-2268
Changes to be committed:
  (use "git reset HEAD <file>..." to unstage)

        new file:   src/test/resources/features/app_TV/implementacion_basica_de_la_app_TV
        new file:   src/test/resources/features/gestion_de_la_demanda/gestor_de_turnos.feature


C:\Automation-bf-webapp\bf-webapp\component-test\bf-webapp-automation>git commit -m "Added a scenario regarding plastics and also the new feature about app TV"
[features/SFUT-2268 b22d66d0] Added a scenario regarding plastics and also the new feature about app TV
 Committer: German Larcher <E_GLARCHER@naranja.com.ar>
Your name and email address were configured automatically based
on your username and hostname. Please check that they are accurate.
You can suppress this message by setting them explicitly. Run the
following command and follow the instructions in your editor to edit
your configuration file:

    git config --global --edit

After doing this, you may fix the identity used for this commit with:

    git commit --amend --reset-author

 2 files changed, 620 insertions(+)
 create mode 100644 component-test/bf-webapp-automation/src/test/resources/features/app_TV/implementacion_basica_de_la_app_TV
 create mode 100644 component-test/bf-webapp-automation/src/test/resources/features/gestion_de_la_demanda/gestor_de_turnos.feature

C:\Automation-bf-webapp\bf-webapp\component-test\bf-webapp-automation>git push
fatal: The current branch features/SFUT-2268 has no upstream branch.
To push the current branch and set the remote as upstream, use

    git push --set-upstream origin features/SFUT-2268


C:\Automation-bf-webapp\bf-webapp\component-test\bf-webapp-automation>git push -u origin master
error: src refspec master does not match any
error: failed to push some refs to 'git@cmprod.naranja.com.ar:branch-future/bf-webapp.git'

C:\Automation-bf-webapp\bf-webapp\component-test\bf-webapp-automation>git remote add origin git@cmprod.naranja.com.ar:branch-future/bf-webapp-bff.git
fatal: remote origin already exists.

C:\Automation-bf-webapp\bf-webapp\component-test\bf-webapp-automation>git push
fatal: The current branch features/SFUT-2268 has no upstream branch.
To push the current branch and set the remote as upstream, use

    git push --set-upstream origin features/SFUT-2268


C:\Automation-bf-webapp\bf-webapp\component-test\bf-webapp-automation>    git push --set-upstream origin features/SFUT-2268
Enumerating objects: 20, done.
Counting objects: 100% (20/20), done.
Delta compression using up to 8 threads
Compressing objects: 100% (12/12), done.
Writing objects: 100% (12/12), 3.69 KiB | 41.00 KiB/s, done.
Total 12 (delta 5), reused 0 (delta 0)
remote:
remote: To create a merge request for features/SFUT-2268, visit:
remote:   https://cmprod.naranja.com.ar/branch-future/bf-webapp/merge_requests/new?merge_request%5Bsource_branch%5D=features%2FSFUT-2268
remote:
To cmprod.naranja.com.ar:branch-future/bf-webapp.git
 * [new branch]        features/SFUT-2268 -> features/SFUT-2268
Branch 'features/SFUT-2268' set up to track remote branch 'features/SFUT-2268' from 'origin'.

C:\Automation-bf-webapp\bf-webapp\component-test\bf-webapp-automation>


=========================================================================================================================================
Luego, generar la PR desde GITLAB en la opcion "Request Merge" o algo asi.
Aqui se puede agregar una descripcion, ver los cambios en Changes, etc. Se confirma mediante el boton verde "Request Merge" o algo asi
